// Jest Snapshot v1, https://goo.gl/fbAQLP

exports[`Slider should map min and max props 1`] = `
<WithStyles(Component)
  maximumValue={50}
  minimumValue={10}
  value={25}
>
  <Component
    classes={
      Object {
        "helperText": "Component-helperText-1",
        "inlineSlider": "Component-inlineSlider-2",
        "inlineValue": "Component-inlineValue-3",
        "label": "Component-label-4",
        "labelWrapper": "Component-labelWrapper-5",
        "sliderWrapper": "Component-sliderWrapper-6",
        "value": "Component-value-7",
      }
    }
    maximumValue={50}
    minimumValue={10}
    value={25}
  >
    <WithStyles(ForwardRef(FormControl))>
      <ForwardRef(FormControl)
        classes={
          Object {
            "fullWidth": "MuiFormControl-fullWidth",
            "marginDense": "MuiFormControl-marginDense",
            "marginNormal": "MuiFormControl-marginNormal",
            "root": "MuiFormControl-root",
          }
        }
      >
        <div
          className="MuiFormControl-root"
        >
          <Slider
            max={50}
            min={10}
            onChange={[Function]}
            value={25}
          >
            <ForwardRef(Slider)
              classes={
                Object {
                  "active": "MuiSlider-active",
                  "colorPrimary": "MuiSlider-colorPrimary",
                  "colorSecondary": "MuiSlider-colorSecondary",
                  "disabled": "Mui-disabled",
                  "focusVisible": "Mui-focusVisible",
                  "mark": "MuiSlider-mark",
                  "markActive": "MuiSlider-markActive",
                  "markLabel": "MuiSlider-markLabel",
                  "markLabelActive": "MuiSlider-markLabelActive",
                  "marked": "MuiSlider-marked",
                  "rail": "MuiSlider-rail",
                  "root": "MuiSlider-root",
                  "thumb": "MuiSlider-thumb",
                  "thumbColorPrimary": "MuiSlider-thumbColorPrimary",
                  "thumbColorSecondary": "MuiSlider-thumbColorSecondary",
                  "track": "MuiSlider-track",
                  "trackFalse": "MuiSlider-trackFalse",
                  "trackInverted": "MuiSlider-trackInverted",
                  "valueLabel": "MuiSlider-valueLabel",
                  "vertical": "MuiSlider-vertical",
                }
              }
              max={50}
              min={10}
              onChange={[Function]}
              value={25}
            >
              <span
                className="MuiSlider-root MuiSlider-colorPrimary"
                onMouseDown={[Function]}
              >
                <span
                  className="MuiSlider-rail"
                />
                <span
                  className="MuiSlider-track"
                  style={
                    Object {
                      "left": "0%",
                      "width": "37.5%",
                    }
                  }
                />
                <input
                  type="hidden"
                  value="25"
                />
                <WithStyles(ValueLabel)
                  className="MuiSlider-valueLabel"
                  disabled={false}
                  index={0}
                  key="0"
                  open={false}
                  value={25}
                  valueLabelDisplay="off"
                  valueLabelFormat={[Function]}
                >
                  <ValueLabel
                    className="MuiSlider-valueLabel"
                    classes={
                      Object {
                        "circle": "PrivateValueLabel-circle-35",
                        "label": "PrivateValueLabel-label-36",
                        "offset": "PrivateValueLabel-offset-34",
                        "open": "PrivateValueLabel-open-33",
                        "thumb": "PrivateValueLabel-thumb-32",
                      }
                    }
                    disabled={false}
                    index={0}
                    open={false}
                    value={25}
                    valueLabelDisplay="off"
                    valueLabelFormat={[Function]}
                  >
                    <span
                      aria-orientation="horizontal"
                      aria-valuemax={50}
                      aria-valuemin={10}
                      aria-valuenow={25}
                      className="MuiSlider-thumb MuiSlider-thumbColorPrimary"
                      data-index={0}
                      onBlur={[Function]}
                      onFocus={[Function]}
                      onKeyDown={[Function]}
                      onMouseLeave={[Function]}
                      onMouseOver={[Function]}
                      role="slider"
                      style={
                        Object {
                          "left": "37.5%",
                        }
                      }
                      tabIndex={0}
                    />
                  </ValueLabel>
                </WithStyles(ValueLabel)>
              </span>
            </ForwardRef(Slider)>
          </Slider>
        </div>
      </ForwardRef(FormControl)>
    </WithStyles(ForwardRef(FormControl))>
  </Component>
</WithStyles(Component)>
`;
